/Users/marcosbautista/gym/lib/python3.11/site-packages/ignite/handlers/checkpoint.py:16: DeprecationWarning: `TorchScript` support for functional optimizers is deprecated and will be removed in a future PyTorch release. Consider using the `torch.compile` optimizer instead.
  from torch.distributed.optim import ZeroRedundancyOptimizer
Episode 1: reward=28, steps=28, speed=0.0 f/s, elapsed=0:00:01
Episode 2: reward=10, steps=10, speed=0.0 f/s, elapsed=0:00:01
Episode 3: reward=20, steps=20, speed=0.0 f/s, elapsed=0:00:01
Episode 4: reward=10, steps=10, speed=0.0 f/s, elapsed=0:00:01
Episode 5: reward=27, steps=27, speed=0.0 f/s, elapsed=0:00:01
Episode 6: reward=34, steps=34, speed=0.0 f/s, elapsed=0:00:01
Episode 7: reward=18, steps=18, speed=0.0 f/s, elapsed=0:00:01
Episode 8: reward=21, steps=21, speed=0.0 f/s, elapsed=0:00:01
Episode 9: reward=23, steps=23, speed=0.0 f/s, elapsed=0:00:01
Episode 10: reward=19, steps=19, speed=0.0 f/s, elapsed=0:00:01
Episode 11: reward=31, steps=31, speed=0.0 f/s, elapsed=0:00:01
Episode 12: reward=10, steps=10, speed=0.0 f/s, elapsed=0:00:01
Episode 13: reward=23, steps=23, speed=0.0 f/s, elapsed=0:00:01
Episode 14: reward=20, steps=20, speed=0.0 f/s, elapsed=0:00:01
Episode 15: reward=26, steps=26, speed=0.0 f/s, elapsed=0:00:01
Episode 16: reward=21, steps=21, speed=0.0 f/s, elapsed=0:00:01
Episode 17: reward=13, steps=13, speed=0.0 f/s, elapsed=0:00:01
Episode 18: reward=14, steps=14, speed=0.0 f/s, elapsed=0:00:01
Episode 19: reward=13, steps=13, speed=0.0 f/s, elapsed=0:00:01
Episode 20: reward=17, steps=17, speed=0.0 f/s, elapsed=0:00:01
Episode 21: reward=47, steps=47, speed=0.0 f/s, elapsed=0:00:01
Episode 22: reward=31, steps=31, speed=0.0 f/s, elapsed=0:00:01
Episode 23: reward=21, steps=21, speed=0.0 f/s, elapsed=0:00:01
Episode 24: reward=23, steps=23, speed=0.0 f/s, elapsed=0:00:01
Episode 25: reward=16, steps=16, speed=0.0 f/s, elapsed=0:00:01
Episode 26: reward=9, steps=9, speed=0.0 f/s, elapsed=0:00:01
Episode 27: reward=18, steps=18, speed=0.0 f/s, elapsed=0:00:01
Episode 28: reward=13, steps=13, speed=0.0 f/s, elapsed=0:00:01
Episode 29: reward=40, steps=40, speed=0.0 f/s, elapsed=0:00:01
Episode 30: reward=9, steps=9, speed=0.0 f/s, elapsed=0:00:01
Episode 31: reward=29, steps=29, speed=0.0 f/s, elapsed=0:00:01
Episode 32: reward=22, steps=22, speed=0.0 f/s, elapsed=0:00:01
Episode 33: reward=15, steps=15, speed=0.0 f/s, elapsed=0:00:01
Episode 34: reward=15, steps=15, speed=0.0 f/s, elapsed=0:00:01
Episode 35: reward=22, steps=22, speed=0.0 f/s, elapsed=0:00:01
Episode 36: reward=22, steps=22, speed=0.0 f/s, elapsed=0:00:01
Episode 37: reward=15, steps=15, speed=0.0 f/s, elapsed=0:00:01
Episode 38: reward=10, steps=10, speed=0.0 f/s, elapsed=0:00:01
Episode 39: reward=13, steps=13, speed=0.0 f/s, elapsed=0:00:01
Episode 40: reward=19, steps=19, speed=0.0 f/s, elapsed=0:00:01
Episode 41: reward=14, steps=14, speed=0.0 f/s, elapsed=0:00:01
Episode 42: reward=25, steps=25, speed=0.0 f/s, elapsed=0:00:01
Episode 43: reward=19, steps=19, speed=0.0 f/s, elapsed=0:00:01
Episode 44: reward=41, steps=41, speed=0.0 f/s, elapsed=0:00:01
Episode 45: reward=26, steps=26, speed=0.0 f/s, elapsed=0:00:01
Episode 46: reward=17, steps=17, speed=0.0 f/s, elapsed=0:00:01
Episode 47: reward=30, steps=30, speed=0.0 f/s, elapsed=0:00:01
Episode 48: reward=14, steps=14, speed=0.0 f/s, elapsed=0:00:01
Episode 49: reward=20, steps=20, speed=166.2 f/s, elapsed=0:00:01
Episode 50: reward=18, steps=18, speed=167.1 f/s, elapsed=0:00:01
Episode 51: reward=17, steps=17, speed=168.0 f/s, elapsed=0:00:01
Episode 52: reward=11, steps=11, speed=168.8 f/s, elapsed=0:00:01
Episode 53: reward=15, steps=15, speed=169.8 f/s, elapsed=0:00:02
Episode 54: reward=15, steps=15, speed=170.6 f/s, elapsed=0:00:02
Episode 55: reward=15, steps=15, speed=170.9 f/s, elapsed=0:00:02
Episode 56: reward=15, steps=15, speed=170.9 f/s, elapsed=0:00:02
Episode 57: reward=24, steps=24, speed=171.6 f/s, elapsed=0:00:02
Episode 58: reward=17, steps=17, speed=172.6 f/s, elapsed=0:00:02
Episode 59: reward=27, steps=27, speed=173.5 f/s, elapsed=0:00:02
Episode 60: reward=14, steps=14, speed=174.3 f/s, elapsed=0:00:02
Episode 61: reward=10, steps=10, speed=175.1 f/s, elapsed=0:00:02
Episode 62: reward=11, steps=11, speed=175.9 f/s, elapsed=0:00:02
Episode 63: reward=17, steps=17, speed=176.7 f/s, elapsed=0:00:02
Episode 64: reward=27, steps=27, speed=177.4 f/s, elapsed=0:00:02
Episode 65: reward=37, steps=37, speed=178.3 f/s, elapsed=0:00:03
Episode 66: reward=11, steps=11, speed=179.0 f/s, elapsed=0:00:03
Episode 67: reward=10, steps=10, speed=179.6 f/s, elapsed=0:00:03
Episode 68: reward=14, steps=14, speed=180.4 f/s, elapsed=0:00:03
Episode 69: reward=22, steps=22, speed=181.1 f/s, elapsed=0:00:03
Episode 70: reward=14, steps=14, speed=181.8 f/s, elapsed=0:00:03
Episode 71: reward=18, steps=18, speed=182.5 f/s, elapsed=0:00:03
Episode 72: reward=38, steps=38, speed=183.1 f/s, elapsed=0:00:03
Episode 73: reward=33, steps=33, speed=183.8 f/s, elapsed=0:00:03
Episode 74: reward=30, steps=30, speed=184.6 f/s, elapsed=0:00:03
Episode 75: reward=14, steps=14, speed=185.2 f/s, elapsed=0:00:04
Episode 76: reward=20, steps=20, speed=185.9 f/s, elapsed=0:00:04
Episode 77: reward=35, steps=35, speed=186.6 f/s, elapsed=0:00:04
Episode 78: reward=21, steps=21, speed=187.2 f/s, elapsed=0:00:04
Episode 79: reward=31, steps=31, speed=187.9 f/s, elapsed=0:00:04
Episode 80: reward=43, steps=43, speed=188.5 f/s, elapsed=0:00:04
Episode 81: reward=15, steps=15, speed=189.3 f/s, elapsed=0:00:04
Episode 82: reward=58, steps=58, speed=189.9 f/s, elapsed=0:00:05
Episode 83: reward=62, steps=62, speed=190.6 f/s, elapsed=0:00:05
Episode 84: reward=32, steps=32, speed=191.2 f/s, elapsed=0:00:05
Episode 85: reward=85, steps=85, speed=191.7 f/s, elapsed=0:00:05
Episode 86: reward=23, steps=23, speed=192.3 f/s, elapsed=0:00:05
Episode 87: reward=20, steps=20, speed=192.9 f/s, elapsed=0:00:06
Episode 88: reward=33, steps=33, speed=193.5 f/s, elapsed=0:00:06
Episode 89: reward=38, steps=38, speed=194.1 f/s, elapsed=0:00:06
Episode 90: reward=70, steps=70, speed=194.5 f/s, elapsed=0:00:06
Episode 91: reward=22, steps=22, speed=195.0 f/s, elapsed=0:00:06
Episode 92: reward=16, steps=16, speed=195.4 f/s, elapsed=0:00:06
Episode 93: reward=18, steps=18, speed=195.7 f/s, elapsed=0:00:06
Episode 94: reward=70, steps=70, speed=196.0 f/s, elapsed=0:00:07
Episode 95: reward=22, steps=22, speed=195.9 f/s, elapsed=0:00:07
Episode 96: reward=27, steps=27, speed=196.0 f/s, elapsed=0:00:07
Episode 97: reward=13, steps=13, speed=196.5 f/s, elapsed=0:00:07
Episode 98: reward=14, steps=14, speed=196.8 f/s, elapsed=0:00:07
Episode 99: reward=122, steps=122, speed=197.3 f/s, elapsed=0:00:08
Episode 100: reward=70, steps=70, speed=197.9 f/s, elapsed=0:00:08
Episode 101: reward=59, steps=59, speed=198.3 f/s, elapsed=0:00:08
Episode 102: reward=39, steps=39, speed=198.7 f/s, elapsed=0:00:08
Episode 103: reward=56, steps=56, speed=199.2 f/s, elapsed=0:00:09
Episode 104: reward=59, steps=59, speed=199.7 f/s, elapsed=0:00:09
Episode 105: reward=16, steps=16, speed=200.2 f/s, elapsed=0:00:09
Episode 106: reward=26, steps=26, speed=200.6 f/s, elapsed=0:00:09
Episode 107: reward=110, steps=110, speed=201.0 f/s, elapsed=0:00:10
Episode 108: reward=23, steps=23, speed=201.3 f/s, elapsed=0:00:10
Episode 109: reward=34, steps=34, speed=201.7 f/s, elapsed=0:00:10
Episode 110: reward=106, steps=106, speed=202.1 f/s, elapsed=0:00:10
Episode 111: reward=145, steps=145, speed=202.4 f/s, elapsed=0:00:11
Episode 112: reward=131, steps=131, speed=202.8 f/s, elapsed=0:00:12
Episode 113: reward=137, steps=137, speed=203.1 f/s, elapsed=0:00:12
Episode 114: reward=108, steps=108, speed=203.5 f/s, elapsed=0:00:13
Episode 115: reward=139, steps=139, speed=203.9 f/s, elapsed=0:00:13
Episode 116: reward=113, steps=113, speed=204.4 f/s, elapsed=0:00:14
Episode 117: reward=143, steps=143, speed=204.8 f/s, elapsed=0:00:15
Episode 118: reward=153, steps=153, speed=205.2 f/s, elapsed=0:00:15
Episode 119: reward=30, steps=30, speed=205.6 f/s, elapsed=0:00:15
Episode 120: reward=25, steps=25, speed=205.8 f/s, elapsed=0:00:15
Episode 121: reward=52, steps=52, speed=206.3 f/s, elapsed=0:00:16
Episode 122: reward=15, steps=15, speed=206.6 f/s, elapsed=0:00:16
Episode 123: reward=143, steps=143, speed=206.9 f/s, elapsed=0:00:16
Episode 124: reward=143, steps=143, speed=207.4 f/s, elapsed=0:00:17
Episode 125: reward=158, steps=158, speed=207.8 f/s, elapsed=0:00:18
Episode 126: reward=20, steps=20, speed=208.5 f/s, elapsed=0:00:18
Episode 127: reward=17, steps=17, speed=209.0 f/s, elapsed=0:00:18
Episode 128: reward=185, steps=185, speed=209.4 f/s, elapsed=0:00:19
Episode 129: reward=273, steps=273, speed=209.7 f/s, elapsed=0:00:20
Episode 130: reward=245, steps=245, speed=210.0 f/s, elapsed=0:00:21
Episode 131: reward=281, steps=281, speed=210.3 f/s, elapsed=0:00:22
Episode 132: reward=328, steps=328, speed=210.6 f/s, elapsed=0:00:24
Episode 133: reward=485, steps=485, speed=210.9 f/s, elapsed=0:00:26
Episode 134: reward=335, steps=335, speed=211.2 f/s, elapsed=0:00:27
Episode 135: reward=283, steps=283, speed=211.5 f/s, elapsed=0:00:29
Episode 136: reward=292, steps=292, speed=211.7 f/s, elapsed=0:00:30
Episode 137: reward=367, steps=367, speed=212.0 f/s, elapsed=0:00:32
Episode 138: reward=342, steps=342, speed=212.2 f/s, elapsed=0:00:33
Episode 139: reward=328, steps=328, speed=212.5 f/s, elapsed=0:00:35
Episode 140: reward=357, steps=357, speed=212.8 f/s, elapsed=0:00:36
Episode 141: reward=314, steps=314, speed=213.1 f/s, elapsed=0:00:37
Episode 142: reward=308, steps=308, speed=213.4 f/s, elapsed=0:00:39
Episode 143: reward=251, steps=251, speed=213.7 f/s, elapsed=0:00:40
Episode 144: reward=274, steps=274, speed=214.0 f/s, elapsed=0:00:41
Episode 145: reward=209, steps=209, speed=214.2 f/s, elapsed=0:00:42
Episode 146: reward=257, steps=257, speed=214.5 f/s, elapsed=0:00:43
Episode 147: reward=238, steps=238, speed=214.8 f/s, elapsed=0:00:44
Episode 148: reward=214, steps=214, speed=215.0 f/s, elapsed=0:00:45
Episode 149: reward=202, steps=202, speed=215.3 f/s, elapsed=0:00:46
Episode 150: reward=242, steps=242, speed=215.7 f/s, elapsed=0:00:47
Episode 151: reward=209, steps=209, speed=216.0 f/s, elapsed=0:00:48
Episode 152: reward=195, steps=195, speed=216.3 f/s, elapsed=0:00:49
Episode 153: reward=205, steps=205, speed=216.5 f/s, elapsed=0:00:50
Episode 154: reward=190, steps=190, speed=216.8 f/s, elapsed=0:00:51
Episode 155: reward=200, steps=200, speed=217.1 f/s, elapsed=0:00:51
Episode 156: reward=248, steps=248, speed=217.4 f/s, elapsed=0:00:52
Episode 157: reward=232, steps=232, speed=217.7 f/s, elapsed=0:00:53
Episode 158: reward=205, steps=205, speed=218.1 f/s, elapsed=0:00:54
Episode 159: reward=231, steps=231, speed=218.4 f/s, elapsed=0:00:55
Episode 160: reward=242, steps=242, speed=218.7 f/s, elapsed=0:00:56
Episode 161: reward=204, steps=204, speed=219.0 f/s, elapsed=0:00:57
Episode 162: reward=226, steps=226, speed=219.3 f/s, elapsed=0:00:58
Episode 163: reward=233, steps=233, speed=219.6 f/s, elapsed=0:00:59
Episode 164: reward=209, steps=209, speed=219.9 f/s, elapsed=0:01:00
Episode 165: reward=199, steps=199, speed=220.0 f/s, elapsed=0:01:01
Episode 166: reward=197, steps=197, speed=220.3 f/s, elapsed=0:01:02
Episode 167: reward=214, steps=214, speed=220.5 f/s, elapsed=0:01:03
Episode 168: reward=208, steps=208, speed=220.7 f/s, elapsed=0:01:04
Episode 169: reward=217, steps=217, speed=221.0 f/s, elapsed=0:01:05
Episode 170: reward=213, steps=213, speed=221.3 f/s, elapsed=0:01:05
Episode 171: reward=245, steps=245, speed=221.5 f/s, elapsed=0:01:07
Episode 172: reward=219, steps=219, speed=221.8 f/s, elapsed=0:01:07
Episode 173: reward=253, steps=253, speed=222.0 f/s, elapsed=0:01:09
Episode 174: reward=223, steps=223, speed=222.2 f/s, elapsed=0:01:09
Episode 175: reward=237, steps=237, speed=222.5 f/s, elapsed=0:01:10
Episode 176: reward=312, steps=312, speed=222.8 f/s, elapsed=0:01:12
Episode 177: reward=295, steps=295, speed=223.0 f/s, elapsed=0:01:13
Episode 178: reward=454, steps=454, speed=223.2 f/s, elapsed=0:01:15
Episode 179: reward=157, steps=157, speed=223.4 f/s, elapsed=0:01:16
Episode 180: reward=305, steps=305, speed=223.6 f/s, elapsed=0:01:17
Episode 181: reward=500, steps=500, speed=223.8 f/s, elapsed=0:01:19
Episode 182: reward=500, steps=500, speed=223.9 f/s, elapsed=0:01:21
Episode 183: reward=402, steps=402, speed=224.1 f/s, elapsed=0:01:23
Episode 184: reward=307, steps=307, speed=224.2 f/s, elapsed=0:01:24
Episode 185: reward=386, steps=386, speed=224.3 f/s, elapsed=0:01:26
Episode 186: reward=330, steps=330, speed=224.4 f/s, elapsed=0:01:28
Episode 187: reward=500, steps=500, speed=224.6 f/s, elapsed=0:01:30
Episode 188: reward=156, steps=156, speed=224.6 f/s, elapsed=0:01:30
Episode 189: reward=150, steps=150, speed=224.6 f/s, elapsed=0:01:31
Episode 190: reward=155, steps=155, speed=224.6 f/s, elapsed=0:01:32
Episode 191: reward=500, steps=500, speed=224.7 f/s, elapsed=0:01:34
Episode 192: reward=384, steps=384, speed=224.8 f/s, elapsed=0:01:36
Episode 193: reward=318, steps=318, speed=224.9 f/s, elapsed=0:01:37
Episode 194: reward=315, steps=315, speed=224.9 f/s, elapsed=0:01:38
Episode 195: reward=317, steps=317, speed=225.0 f/s, elapsed=0:01:40
Episode 196: reward=429, steps=429, speed=225.1 f/s, elapsed=0:01:42
Episode 197: reward=500, steps=500, speed=225.1 f/s, elapsed=0:01:44
Episode 198: reward=500, steps=500, speed=225.1 f/s, elapsed=0:01:46
Episode 199: reward=174, steps=174, speed=225.1 f/s, elapsed=0:01:47
Episode 200: reward=143, steps=143, speed=225.0 f/s, elapsed=0:01:47
Episode 201: reward=149, steps=149, speed=225.0 f/s, elapsed=0:01:48
Episode 202: reward=140, steps=140, speed=224.9 f/s, elapsed=0:01:49
Episode 203: reward=145, steps=145, speed=225.0 f/s, elapsed=0:01:49
Episode 204: reward=500, steps=500, speed=225.0 f/s, elapsed=0:01:52
Episode 205: reward=500, steps=500, speed=225.0 f/s, elapsed=0:01:54
Episode 206: reward=273, steps=273, speed=224.9 f/s, elapsed=0:01:55
Episode 207: reward=187, steps=187, speed=224.9 f/s, elapsed=0:01:56
Episode 208: reward=159, steps=159, speed=224.9 f/s, elapsed=0:01:57
Episode 209: reward=165, steps=165, speed=224.8 f/s, elapsed=0:01:57
Episode 210: reward=138, steps=138, speed=224.8 f/s, elapsed=0:01:58
Episode 211: reward=226, steps=226, speed=224.7 f/s, elapsed=0:01:59
Episode 212: reward=192, steps=192, speed=224.6 f/s, elapsed=0:02:00
Episode 213: reward=225, steps=225, speed=224.6 f/s, elapsed=0:02:01
Episode 214: reward=205, steps=205, speed=224.5 f/s, elapsed=0:02:02
Episode 215: reward=316, steps=316, speed=224.5 f/s, elapsed=0:02:03
Episode 216: reward=289, steps=289, speed=224.4 f/s, elapsed=0:02:05
Episode 217: reward=260, steps=260, speed=224.4 f/s, elapsed=0:02:06
Episode 218: reward=500, steps=500, speed=224.3 f/s, elapsed=0:02:08
Episode 219: reward=500, steps=500, speed=224.3 f/s, elapsed=0:02:10
Episode 220: reward=322, steps=322, speed=224.2 f/s, elapsed=0:02:12
Episode 221: reward=199, steps=199, speed=224.1 f/s, elapsed=0:02:13
Episode 222: reward=93, steps=93, speed=224.0 f/s, elapsed=0:02:13
Episode 223: reward=213, steps=213, speed=224.0 f/s, elapsed=0:02:14
Episode 224: reward=261, steps=261, speed=223.9 f/s, elapsed=0:02:15
Episode 225: reward=500, steps=500, speed=223.8 f/s, elapsed=0:02:17
Episode 226: reward=500, steps=500, speed=223.8 f/s, elapsed=0:02:20
Episode 227: reward=500, steps=500, speed=223.7 f/s, elapsed=0:02:22
Episode 228: reward=500, steps=500, speed=223.7 f/s, elapsed=0:02:24
Episode 229: reward=500, steps=500, speed=223.6 f/s, elapsed=0:02:27
Episode 230: reward=335, steps=335, speed=223.5 f/s, elapsed=0:02:28
Episode 231: reward=500, steps=500, speed=223.4 f/s, elapsed=0:02:30
Episode 232: reward=500, steps=500, speed=223.3 f/s, elapsed=0:02:33
Episode 233: reward=500, steps=500, speed=223.1 f/s, elapsed=0:02:35
Episode 234: reward=422, steps=422, speed=223.0 f/s, elapsed=0:02:37
Episode 235: reward=500, steps=500, speed=222.8 f/s, elapsed=0:02:39
Episode 236: reward=500, steps=500, speed=222.7 f/s, elapsed=0:02:42
Episode 237: reward=500, steps=500, speed=222.5 f/s, elapsed=0:02:44
Episode 238: reward=500, steps=500, speed=222.4 f/s, elapsed=0:02:46
Episode 239: reward=394, steps=394, speed=222.2 f/s, elapsed=0:02:48
Episode 240: reward=500, steps=500, speed=222.1 f/s, elapsed=0:02:50
Episode 241: reward=500, steps=500, speed=221.9 f/s, elapsed=0:02:53
Episode 242: reward=444, steps=444, speed=221.7 f/s, elapsed=0:02:55
Episode 243: reward=302, steps=302, speed=221.6 f/s, elapsed=0:02:56
Episode 244: reward=500, steps=500, speed=221.4 f/s, elapsed=0:02:59
Episode 245: reward=500, steps=500, speed=221.3 f/s, elapsed=0:03:01
Episode 246: reward=500, steps=500, speed=221.1 f/s, elapsed=0:03:03
Episode 247: reward=500, steps=500, speed=220.9 f/s, elapsed=0:03:06
Episode 248: reward=500, steps=500, speed=220.8 f/s, elapsed=0:03:08
Episode 249: reward=500, steps=500, speed=217.9 f/s, elapsed=0:03:14
Episode 250: reward=500, steps=500, speed=214.6 f/s, elapsed=0:03:24
Episode 251: reward=500, steps=500, speed=211.3 f/s, elapsed=0:03:34
Episode 252: reward=500, steps=500, speed=208.1 f/s, elapsed=0:03:44
Episode 253: reward=500, steps=500, speed=205.0 f/s, elapsed=0:03:53
Episode 254: reward=500, steps=500, speed=201.9 f/s, elapsed=0:04:03
Episode 255: reward=500, steps=500, speed=198.9 f/s, elapsed=0:04:13
Episode 256: reward=500, steps=500, speed=195.9 f/s, elapsed=0:04:23
Episode 257: reward=500, steps=500, speed=193.0 f/s, elapsed=0:04:33
Episode 258: reward=500, steps=500, speed=190.8 f/s, elapsed=0:04:39
Episode 259: reward=500, steps=500, speed=191.4 f/s, elapsed=0:04:41
Episode 260: reward=500, steps=500, speed=191.9 f/s, elapsed=0:04:44
Episode 261: reward=500, steps=500, speed=192.3 f/s, elapsed=0:04:46
Episode 262: reward=500, steps=500, speed=192.7 f/s, elapsed=0:04:48
Episode 263: reward=283, steps=283, speed=193.1 f/s, elapsed=0:04:50
Episode 264: reward=277, steps=277, speed=193.5 f/s, elapsed=0:04:51
Episode 265: reward=500, steps=500, speed=193.9 f/s, elapsed=0:04:53
Episode 266: reward=181, steps=181, speed=194.3 f/s, elapsed=0:04:54
Episode 267: reward=121, steps=121, speed=194.7 f/s, elapsed=0:04:55
Episode 268: reward=107, steps=107, speed=195.0 f/s, elapsed=0:04:55
Episode 269: reward=225, steps=225, speed=195.4 f/s, elapsed=0:04:56
Episode 270: reward=500, steps=500, speed=195.7 f/s, elapsed=0:04:59
Episode 271: reward=500, steps=500, speed=196.0 f/s, elapsed=0:05:01
Episode 272: reward=393, steps=393, speed=196.3 f/s, elapsed=0:05:03
Episode 273: reward=500, steps=500, speed=196.6 f/s, elapsed=0:05:05
Episode 274: reward=356, steps=356, speed=196.9 f/s, elapsed=0:05:07
Episode 275: reward=212, steps=212, speed=197.2 f/s, elapsed=0:05:08
Episode 276: reward=169, steps=169, speed=197.5 f/s, elapsed=0:05:09
Episode 277: reward=214, steps=214, speed=197.8 f/s, elapsed=0:05:10
Episode 278: reward=247, steps=247, speed=198.0 f/s, elapsed=0:05:11
Episode 279: reward=274, steps=274, speed=198.3 f/s, elapsed=0:05:12
Episode 280: reward=129, steps=129, speed=198.5 f/s, elapsed=0:05:13
Episode 281: reward=122, steps=122, speed=198.7 f/s, elapsed=0:05:13
Episode 282: reward=113, steps=113, speed=198.9 f/s, elapsed=0:05:14
Episode 283: reward=40, steps=40, speed=199.1 f/s, elapsed=0:05:14
Episode 284: reward=99, steps=99, speed=199.4 f/s, elapsed=0:05:15
Episode 285: reward=105, steps=105, speed=199.6 f/s, elapsed=0:05:15
Episode 286: reward=98, steps=98, speed=199.7 f/s, elapsed=0:05:16
Episode 287: reward=123, steps=123, speed=199.8 f/s, elapsed=0:05:16
Episode 288: reward=162, steps=162, speed=200.0 f/s, elapsed=0:05:17
Episode 289: reward=98, steps=98, speed=200.1 f/s, elapsed=0:05:17
Episode 290: reward=100, steps=100, speed=200.3 f/s, elapsed=0:05:18
Episode 291: reward=43, steps=43, speed=200.4 f/s, elapsed=0:05:18
Episode 292: reward=92, steps=92, speed=200.5 f/s, elapsed=0:05:19
Episode 293: reward=93, steps=93, speed=200.8 f/s, elapsed=0:05:19
Episode 294: reward=121, steps=121, speed=200.9 f/s, elapsed=0:05:20
Episode 295: reward=141, steps=141, speed=201.1 f/s, elapsed=0:05:20
Episode 296: reward=137, steps=137, speed=201.3 f/s, elapsed=0:05:21
Episode 297: reward=116, steps=116, speed=201.5 f/s, elapsed=0:05:21
Episode 298: reward=105, steps=105, speed=201.6 f/s, elapsed=0:05:22
Episode 299: reward=112, steps=112, speed=201.8 f/s, elapsed=0:05:22
Episode 300: reward=18, steps=18, speed=201.9 f/s, elapsed=0:05:23
Episode 301: reward=19, steps=19, speed=202.0 f/s, elapsed=0:05:23
Episode 302: reward=108, steps=108, speed=202.1 f/s, elapsed=0:05:23
Episode 303: reward=100, steps=100, speed=202.2 f/s, elapsed=0:05:24
Episode 304: reward=105, steps=105, speed=202.3 f/s, elapsed=0:05:24
Episode 305: reward=106, steps=106, speed=202.5 f/s, elapsed=0:05:25
Episode 306: reward=124, steps=124, speed=202.6 f/s, elapsed=0:05:25
Episode 307: reward=125, steps=125, speed=202.7 f/s, elapsed=0:05:26
Episode 308: reward=149, steps=149, speed=202.8 f/s, elapsed=0:05:27
Episode 309: reward=131, steps=131, speed=202.9 f/s, elapsed=0:05:27
Episode 310: reward=127, steps=127, speed=203.0 f/s, elapsed=0:05:28
Episode 311: reward=124, steps=124, speed=203.1 f/s, elapsed=0:05:28
Episode 312: reward=116, steps=116, speed=203.2 f/s, elapsed=0:05:29
Episode 313: reward=120, steps=120, speed=203.3 f/s, elapsed=0:05:30
Episode 314: reward=115, steps=115, speed=203.4 f/s, elapsed=0:05:30
Episode 315: reward=133, steps=133, speed=203.5 f/s, elapsed=0:05:31
Episode 316: reward=143, steps=143, speed=203.6 f/s, elapsed=0:05:31
Episode 317: reward=120, steps=120, speed=203.7 f/s, elapsed=0:05:32
Episode 318: reward=150, steps=150, speed=203.8 f/s, elapsed=0:05:33
Episode 319: reward=387, steps=387, speed=203.8 f/s, elapsed=0:05:35
Episode 320: reward=192, steps=192, speed=203.9 f/s, elapsed=0:05:36
Episode 321: reward=227, steps=227, speed=204.0 f/s, elapsed=0:05:37
Episode 322: reward=166, steps=166, speed=204.0 f/s, elapsed=0:05:37
Episode 323: reward=139, steps=139, speed=204.1 f/s, elapsed=0:05:38
Episode 324: reward=140, steps=140, speed=204.2 f/s, elapsed=0:05:39
Episode 325: reward=500, steps=500, speed=204.2 f/s, elapsed=0:05:41
Episode 326: reward=447, steps=447, speed=204.2 f/s, elapsed=0:05:43
Episode 327: reward=142, steps=142, speed=204.3 f/s, elapsed=0:05:44
Episode 328: reward=185, steps=185, speed=204.3 f/s, elapsed=0:05:45
Episode 329: reward=192, steps=192, speed=204.3 f/s, elapsed=0:05:46
Episode 330: reward=204, steps=204, speed=204.4 f/s, elapsed=0:05:47
Episode 331: reward=143, steps=143, speed=201.4 f/s, elapsed=0:05:49
Episode 332: reward=174, steps=174, speed=198.4 f/s, elapsed=0:05:53
Episode 333: reward=128, steps=128, speed=195.5 f/s, elapsed=0:05:55
Episode 334: reward=500, steps=500, speed=192.6 f/s, elapsed=0:06:05
Episode 335: reward=500, steps=500, speed=189.7 f/s, elapsed=0:06:15
Episode 336: reward=500, steps=500, speed=186.9 f/s, elapsed=0:06:25
Episode 337: reward=500, steps=500, speed=184.2 f/s, elapsed=0:06:35
Episode 338: reward=500, steps=500, speed=181.5 f/s, elapsed=0:06:45
Episode 339: reward=500, steps=500, speed=178.9 f/s, elapsed=0:06:55
Episode 340: reward=500, steps=500, speed=176.3 f/s, elapsed=0:07:05
Episode 341: reward=500, steps=500, speed=173.8 f/s, elapsed=0:07:14
Episode 342: reward=500, steps=500, speed=174.0 f/s, elapsed=0:07:17
Episode 343: reward=500, steps=500, speed=174.1 f/s, elapsed=0:07:20
Episode 344: reward=500, steps=500, speed=173.7 f/s, elapsed=0:07:23
Episode 345: reward=500, steps=500, speed=173.3 f/s, elapsed=0:07:27
Episode 346: reward=500, steps=500, speed=173.1 f/s, elapsed=0:07:30
Episode 347: reward=500, steps=500, speed=173.4 f/s, elapsed=0:07:32
Episode 348: reward=500, steps=500, speed=173.4 f/s, elapsed=0:07:35
Episode 349: reward=500, steps=500, speed=173.3 f/s, elapsed=0:07:38
Episode 350: reward=500, steps=500, speed=173.1 f/s, elapsed=0:07:41
Episode 351: reward=163, steps=163, speed=173.0 f/s, elapsed=0:07:42
Episode 352: reward=477, steps=477, speed=173.0 f/s, elapsed=0:07:45
Episode 353: reward=197, steps=197, speed=172.9 f/s, elapsed=0:07:46
Episode 354: reward=500, steps=500, speed=172.8 f/s, elapsed=0:07:49
Episode 355: reward=500, steps=500, speed=172.9 f/s, elapsed=0:07:52
Episode 356: reward=500, steps=500, speed=172.9 f/s, elapsed=0:07:55
Episode 357: reward=500, steps=500, speed=172.8 f/s, elapsed=0:07:58
Episode 358: reward=500, steps=500, speed=172.9 f/s, elapsed=0:08:01
Episode 359: reward=500, steps=500, speed=172.9 f/s, elapsed=0:08:03
Episode 360: reward=500, steps=500, speed=172.8 f/s, elapsed=0:08:06
Episode 361: reward=500, steps=500, speed=172.8 f/s, elapsed=0:08:09
Episode 362: reward=500, steps=500, speed=172.8 f/s, elapsed=0:08:12
Episode 363: reward=500, steps=500, speed=172.8 f/s, elapsed=0:08:15
Episode 364: reward=500, steps=500, speed=172.7 f/s, elapsed=0:08:18
Episode 365: reward=500, steps=500, speed=172.8 f/s, elapsed=0:08:21
Episode 366: reward=500, steps=500, speed=172.8 f/s, elapsed=0:08:24
Episode 367: reward=500, steps=500, speed=172.7 f/s, elapsed=0:08:27
Episode 368: reward=500, steps=500, speed=172.7 f/s, elapsed=0:08:30
Episode 369: reward=500, steps=500, speed=172.7 f/s, elapsed=0:08:33
Episode 370: reward=500, steps=500, speed=172.6 f/s, elapsed=0:08:36
Episode 371: reward=500, steps=500, speed=172.6 f/s, elapsed=0:08:38
Episode 372: reward=500, steps=500, speed=172.6 f/s, elapsed=0:08:41
Episode 373: reward=500, steps=500, speed=172.6 f/s, elapsed=0:08:44
Episode 374: reward=500, steps=500, speed=172.6 f/s, elapsed=0:08:47
Episode 375: reward=500, steps=500, speed=172.6 f/s, elapsed=0:08:50
Episode 376: reward=500, steps=500, speed=172.6 f/s, elapsed=0:08:53
Episode 377: reward=489, steps=489, speed=172.6 f/s, elapsed=0:08:56
Episode 378: reward=500, steps=500, speed=172.6 f/s, elapsed=0:08:59
Episode 379: reward=500, steps=500, speed=172.5 f/s, elapsed=0:09:02
Episode 380: reward=500, steps=500, speed=172.5 f/s, elapsed=0:09:05
Episode 381: reward=244, steps=244, speed=172.5 f/s, elapsed=0:09:06
Episode 382: reward=309, steps=309, speed=172.4 f/s, elapsed=0:09:08
Episode 383: reward=500, steps=500, speed=172.3 f/s, elapsed=0:09:11
Episode 384: reward=500, steps=500, speed=172.3 f/s, elapsed=0:09:14
Episode 385: reward=500, steps=500, speed=172.3 f/s, elapsed=0:09:17
Episode 386: reward=133, steps=133, speed=172.2 f/s, elapsed=0:09:17
Episode 387: reward=122, steps=122, speed=172.1 f/s, elapsed=0:09:18
Episode 388: reward=118, steps=118, speed=172.0 f/s, elapsed=0:09:19
Episode 389: reward=142, steps=142, speed=172.0 f/s, elapsed=0:09:20
Episode 390: reward=125, steps=125, speed=172.0 f/s, elapsed=0:09:20
Episode 391: reward=104, steps=104, speed=172.0 f/s, elapsed=0:09:21
Episode 392: reward=111, steps=111, speed=171.9 f/s, elapsed=0:09:22
Episode 393: reward=115, steps=115, speed=171.9 f/s, elapsed=0:09:22
Episode 394: reward=119, steps=119, speed=171.8 f/s, elapsed=0:09:23
Episode 395: reward=123, steps=123, speed=171.7 f/s, elapsed=0:09:24
Episode 396: reward=118, steps=118, speed=171.7 f/s, elapsed=0:09:24
Episode 397: reward=125, steps=125, speed=171.6 f/s, elapsed=0:09:25
Episode 398: reward=136, steps=136, speed=171.6 f/s, elapsed=0:09:26
Episode 399: reward=138, steps=138, speed=171.6 f/s, elapsed=0:09:27
Episode 400: reward=138, steps=138, speed=171.5 f/s, elapsed=0:09:28
Episode 401: reward=159, steps=159, speed=171.5 f/s, elapsed=0:09:29
Episode 402: reward=354, steps=354, speed=171.4 f/s, elapsed=0:09:31
Episode 403: reward=500, steps=500, speed=171.3 f/s, elapsed=0:09:34
Episode 404: reward=500, steps=500, speed=171.3 f/s, elapsed=0:09:37
Episode 405: reward=500, steps=500, speed=171.3 f/s, elapsed=0:09:40
Episode 406: reward=500, steps=500, speed=170.1 f/s, elapsed=0:09:44
Episode 407: reward=500, steps=500, speed=167.7 f/s, elapsed=0:09:54
Episode 408: reward=183, steps=183, speed=165.4 f/s, elapsed=0:09:58
Episode 409: reward=162, steps=162, speed=163.1 f/s, elapsed=0:10:01
Episode 410: reward=500, steps=500, speed=160.8 f/s, elapsed=0:10:11
Episode 411: reward=500, steps=500, speed=158.6 f/s, elapsed=0:10:21
Episode 412: reward=191, steps=191, speed=156.5 f/s, elapsed=0:10:24
Episode 413: reward=484, steps=484, speed=154.3 f/s, elapsed=0:10:34
Episode 414: reward=229, steps=229, speed=153.6 f/s, elapsed=0:10:36
Episode 415: reward=500, steps=500, speed=155.1 f/s, elapsed=0:10:38
Episode 416: reward=300, steps=300, speed=156.5 f/s, elapsed=0:10:39
Episode 417: reward=304, steps=304, speed=158.0 f/s, elapsed=0:10:41
Episode 418: reward=452, steps=452, speed=159.3 f/s, elapsed=0:10:43
Episode 419: reward=500, steps=500, speed=160.7 f/s, elapsed=0:10:45
Episode 420: reward=344, steps=344, speed=162.0 f/s, elapsed=0:10:46
Episode 421: reward=306, steps=306, speed=163.4 f/s, elapsed=0:10:48
Episode 422: reward=373, steps=373, speed=164.6 f/s, elapsed=0:10:49
Episode 423: reward=366, steps=366, speed=165.9 f/s, elapsed=0:10:51
Episode 424: reward=500, steps=500, speed=167.1 f/s, elapsed=0:10:53
Episode 425: reward=334, steps=334, speed=168.4 f/s, elapsed=0:10:55
Episode 426: reward=500, steps=500, speed=169.5 f/s, elapsed=0:10:57
Episode 427: reward=500, steps=500, speed=170.7 f/s, elapsed=0:10:59
Episode 428: reward=500, steps=500, speed=171.8 f/s, elapsed=0:11:01
Episode 429: reward=500, steps=500, speed=172.9 f/s, elapsed=0:11:03
Episode 430: reward=500, steps=500, speed=173.9 f/s, elapsed=0:11:06
Episode 431: reward=500, steps=500, speed=175.0 f/s, elapsed=0:11:08
Episode 432: reward=500, steps=500, speed=176.0 f/s, elapsed=0:11:10
Episode 433: reward=500, steps=500, speed=177.0 f/s, elapsed=0:11:12
Episode 434: reward=332, steps=332, speed=177.9 f/s, elapsed=0:11:14
Episode 435: reward=345, steps=345, speed=178.8 f/s, elapsed=0:11:15
Episode 436: reward=178, steps=178, speed=179.6 f/s, elapsed=0:11:16
Episode 437: reward=297, steps=297, speed=180.0 f/s, elapsed=0:11:18
Episode 438: reward=55, steps=55, speed=180.1 f/s, elapsed=0:11:18
Episode 439: reward=101, steps=101, speed=180.0 f/s, elapsed=0:11:18
Episode 440: reward=136, steps=136, speed=179.8 f/s, elapsed=0:11:19
Episode 441: reward=500, steps=500, speed=179.2 f/s, elapsed=0:11:23
Episode 442: reward=500, steps=500, speed=177.0 f/s, elapsed=0:11:30
Episode 443: reward=500, steps=500, speed=174.4 f/s, elapsed=0:11:40
Episode 444: reward=500, steps=500, speed=172.0 f/s, elapsed=0:11:50
Episode 445: reward=145, steps=145, speed=169.5 f/s, elapsed=0:11:53
Episode 446: reward=168, steps=168, speed=167.2 f/s, elapsed=0:11:56
Episode 447: reward=147, steps=147, speed=164.8 f/s, elapsed=0:11:59
Episode 448: reward=156, steps=156, speed=162.6 f/s, elapsed=0:12:02
Episode 449: reward=500, steps=500, speed=160.3 f/s, elapsed=0:12:12
Episode 450: reward=500, steps=500, speed=158.1 f/s, elapsed=0:12:22
Episode 451: reward=500, steps=500, speed=156.0 f/s, elapsed=0:12:31
Episode 452: reward=500, steps=500, speed=153.9 f/s, elapsed=0:12:41
Episode 453: reward=357, steps=357, speed=151.9 f/s, elapsed=0:12:48
Episode 454: reward=500, steps=500, speed=153.2 f/s, elapsed=0:12:50
Episode 455: reward=500, steps=500, speed=153.7 f/s, elapsed=0:12:53
Episode 456: reward=500, steps=500, speed=153.8 f/s, elapsed=0:12:56
Episode 457: reward=126, steps=126, speed=153.8 f/s, elapsed=0:12:57
Episode 458: reward=128, steps=128, speed=153.8 f/s, elapsed=0:12:58
Episode 459: reward=500, steps=500, speed=154.1 f/s, elapsed=0:13:01
Episode 460: reward=500, steps=500, speed=154.8 f/s, elapsed=0:13:04
Episode 461: reward=180, steps=180, speed=155.3 f/s, elapsed=0:13:05
Episode 462: reward=206, steps=206, speed=155.6 f/s, elapsed=0:13:06
Episode 463: reward=500, steps=500, speed=155.8 f/s, elapsed=0:13:09
Episode 464: reward=500, steps=500, speed=156.1 f/s, elapsed=0:13:12
Episode 465: reward=500, steps=500, speed=156.4 f/s, elapsed=0:13:15
Episode 466: reward=500, steps=500, speed=156.6 f/s, elapsed=0:13:18
Episode 467: reward=500, steps=500, speed=157.2 f/s, elapsed=0:13:20
Episode 468: reward=500, steps=500, speed=157.5 f/s, elapsed=0:13:23
Episode 469: reward=500, steps=500, speed=157.7 f/s, elapsed=0:13:26
Episode 470: reward=500, steps=500, speed=158.1 f/s, elapsed=0:13:29
Episode 471: reward=270, steps=270, speed=158.4 f/s, elapsed=0:13:31
Episode 472: reward=289, steps=289, speed=158.7 f/s, elapsed=0:13:32
Episode 473: reward=185, steps=185, speed=159.0 f/s, elapsed=0:13:33
Episode 474: reward=153, steps=153, speed=159.3 f/s, elapsed=0:13:34
Episode 475: reward=500, steps=500, speed=159.6 f/s, elapsed=0:13:37
Episode 476: reward=500, steps=500, speed=159.9 f/s, elapsed=0:13:40
Episode 477: reward=500, steps=500, speed=160.2 f/s, elapsed=0:13:43
Episode 478: reward=500, steps=500, speed=160.4 f/s, elapsed=0:13:46
Episode 479: reward=500, steps=500, speed=160.7 f/s, elapsed=0:13:49
Episode 480: reward=500, steps=500, speed=160.9 f/s, elapsed=0:13:52
Episode 481: reward=500, steps=500, speed=161.2 f/s, elapsed=0:13:54
Episode 482: reward=500, steps=500, speed=161.4 f/s, elapsed=0:13:57/Users/marcosbautista/.local/share/uv/python/cpython-3.11.16-macos-aarch64-none/lib/python3.11/multiprocessing/resource_tracker.py:254: UserWarning: resource_tracker: There appear to be 3 leaked semaphore objects to clean up at shutdown
  warnings.warn('resource_tracker: There appear to be %d '
